// Jest Snapshot v1, https://goo.gl/fbAQLP

exports[`UserChecklist Test Suite should render correctly 1`] = `
Array [
  "",
  <div
    className="smart-checklist-wrapper"
>
    <div
        className="smart-checklist"
    >
        <div
            className="smart-checklist-header"
        >
            <div
                className="details"
            >
                <p>
                    Your Travel Checklist
                </p>
                Hi Jude kindly fill in your details to complete your travel checklist
            </div>
            <div
                className="circular-calculator"
            >
                <svg
                    height={50}
                    viewBox="0 0 50 50"
                    width={50}
                >
                    <circle
                        className="circle-background"
                        cx={25}
                        cy={25}
                        r={22.5}
                        strokeWidth="5px"
                    />
                    <circle
                        className="circle-progress"
                        cx={25}
                        cy={25}
                        r={22.5}
                        stroke="#10A36D"
                        strokeWidth="5px"
                        style={
                            Object {
                                "strokeDasharray": 141.3716694115407,
                                "strokeDashoffset": 0,
                              }
                        }
                        transform="rotate(-90 25 25)"
                    />
                    <text
                        className="circle-text"
                        dy=".3em"
                        textAnchor="middle"
                        x="50%"
                        y="50%"
                    >
                        100%
                    </text>
                </svg>
            </div>
        </div>
        <div
            className="smart-checklist-body"
        >
            <undefined />
        </div>
    </div>
    <div
        className="smart-checklist-tab-buttons"
    >
        <button
            className="bg-btn bg-btn--active"
            disabled={true}
            onClick={[Function]}
            type="button"
        >
            Back
        </button>
        <button
            className="bg-btn bg-btn--active"
            disabled={false}
            onClick={[Function]}
            type="button"
        >
            Next
        </button>
    </div>
</div>,
]
`;
