// Jest Snapshot v1, https://goo.gl/fbAQLP

exports[`TEST ConnectedApproveRequests COMPONENT Updates after props are received renders correctly 1`] = `
Array [
  <div
    className="approval"
>
    <div
        className="header-container"
    >
        <h1
            className="header text--black"
        >
            <span
                onClick={[Function]}
                role="presentation"
            >
                <img
                    alt="back icon"
                    className="header__link"
                    src="back-icon.svg"
                />
            </span>
        </h1>
        <div
            className="progress-tags"
        >
            <div>
                REQUEST #nXCj4U57J
            </div>
            <div
                className="stage-container"
            >
                <div
                    className="stage "
                >
                    Managers Approval
                </div>
                <div
                    className="stage incomplete"
                >
                    Budget Check
                </div>
                <div
                    className="stage incomplete"
                >
                    Travel Checklist Submission
                </div>
                <div
                    className="stage incomplete"
                >
                    Travel Verification
                </div>
            </div>
        </div>
    </div>
    <div
        className="main-container"
    >
        <div
            className="left-pane"
        >
            <div
                className="row"
            >
                <div
                    className="partition"
                >
                    <p
                        className="text--grey"
                    >
                        Requested By
                    </p>
                    <p
                        className="text--blue with-image"
                    >
                        <span
                            className="user-image"
                            style={
                                Object {
                                    "backgroundImage": "url(https://lh3.googleusercontent.com/-0IiIxTNUkIY/AAAAAAAAAAI/AAAAAAAAAAc/bjqhX-Jagqc/photo.jpg?sz=50)",
                                  }
                            }
                        />
                        Christopher Akanmu
                    </p>
                </div>
                <div
                    className="partition"
                >
                    <p
                        className="text--grey"
                    >
                        Request Type
                    </p>
                    <p
                        className="text--blue"
                    >
                        One-way Trip
                    </p>
                </div>
                <div
                    className="partition"
                >
                    <p
                        className="text--grey"
                    >
                        Cost Breakdown
                        <button
                            className="info-button--false"
                            id="stipend-next"
                            onClick={[Function]}
                            type="button"
                        >
                            i
                            <span>
                                Click for Cost breakdown
                            </span>
                        </button>
                    </p>
                    <p
                        className="text--blue"
                    >
                        N/A
                    </p>
                </div>
            </div>
            <div
                className="row"
                key="M8M9iehHfO"
            >
                <div
                    className="partition"
                >
                    <p
                        className="text--grey"
                    >
                        Flight Route
                    </p>
                    <p
                        className="text--black"
                    >
                         Nigeria- United States
                    </p>
                </div>
                <div
                    className="partition"
                >
                    <p
                        className="text--grey"
                    >
                        Travel Dates
                    </p>
                    <p
                        className="text--black"
                    >
                        25 Feb - 25 Mar 2019
                    </p>
                </div>
                <div
                    className="partition"
                >
                    <p
                        className="text--grey"
                    >
                        Accommodation
                    </p>
                    <p
                        className="text--black"
                    >
                        Hotel Booking
                    </p>
                </div>
                <div
                    className="partition mobile"
                >
                    <p
                        className="text--grey"
                    >
                        Travel Reason
                    </p>
                    <p
                        className="text--black"
                    >
                        Travelling for fun
                    </p>
                </div>
            </div>
        </div>
        <div
            className="right-pane"
        >
            <div
                className="row"
            >
                <p
                    className="text--grey"
                >
                    Do you want to approve Christopher Akanmu's travel request?
                </p>
                <div
                    className="btn-group"
                >
                    <button
                        className="action-button--approve"
                        disabled={false}
                        onClick={[Function]}
                        type="button"
                    >
                        approve
                    </button>
                    <button
                        className="action-button--reject"
                        disabled={false}
                        onClick={[Function]}
                        type="button"
                    >
                        reject
                    </button>
                </div>
            </div>
            <div
                className="row desktop"
                key="M8M9iehHfO"
            >
                <p
                    className="text--grey"
                >
                    Travel Reason
                </p>
                <p
                    className="text--black"
                >
                    Travelling for fun
                </p>
            </div>
        </div>
    </div>
</div>,
  <div
    className="request-comment"
>
    <div
        className="editor__editor-form mdl-cell mdl-cell--8-col mdl-cell--12-col-tablet mdl-cell--12-col-phone"
    >
        <div
            className="quill quill-contents"
            key="0"
            onKeyUp={[Function]}
        >
            <div
                key="0"
            />
        </div>
        <div
            className="editor__btn-size"
        >
            <span
                className="editor__btn-wrap"
            >
                <button
                    className="editor__post-btn editor__post-btn post-btn-text"
                    disabled={true}
                    id="post-submit"
                    onClick={[Function]}
                    type="submit"
                >
                    <undefined />
                </button>
            </span>
        </div>
    </div>
    <div
        className="modal__modal1"
        key="b-PDWlDkm"
    >
        <div
            className="modal__mdl-icons"
        >
            <img
                alt="avatar"
                className="modal__oval-copy"
                src="https://lh3.googleusercontent.com/-0IiIxTNUkIY/AAAAAAAAAAI/AAAAAAAAAAc/bjqhX-Jagqc/photo.jpg?sz=50"
            />
            <span
                className="modal__comment-author"
            >
                <span
                    className="modal__user-name"
                >
                    Christopher Akanmu
                </span>
                <span
                    className="modal__hours-status"
                >
                    6 months ago
                </span>
            </span>
            <span
                className="modal__dialog"
            >
                <button
                    className="edit-button "
                    disabled={false}
                    onClick={[Function]}
                    type="button"
                >
                    <undefined />
                </button>
                <button
                    className="modal__delete-btn "
                    disabled={false}
                    onClick={[Function]}
                    type="button"
                >
                    <undefined />
                </button>
            </span>
            <div
                className="modal__modal2"
            >
                <div
                    className="modal__status-update"
                    dangerouslySetInnerHTML={
                        Object {
                            "__html": "<p>testing <strong>#b5tdJCef7 #b5tdJCef7 #b5tdJCef7 #b5tdJCef7 #b5tdJCef7</strong></p> ",
                          }
                    }
                />
            </div>
        </div>
    </div>
</div>,
]
`;
