// Jest Snapshot v1, https://goo.gl/fbAQLP

exports[`<ConnectedReminderSetup /> renders 1`] = `
Array [
  <div
    className="readiness-header"
>
    <div
        className="templates-header"
    >
        <div
            className="PageHeader"
        >
            <div>
                <span
                    className="title"
                >
                    EMAIL TEMPLATES
                </span>
            </div>
            <div>
                <button
                    className="action-btn btn-new-request"
                    id="actionButton"
                    onClick={[Function]}
                    type="button"
                >
                    CREATE NEW
                </button>
            </div>
        </div>
    </div>
</div>,
  <div
    className="setup-modal"
>
    <undefined />
</div>,
  "",
  "",
]
`;
