// Jest Snapshot v1, https://goo.gl/fbAQLP

exports[`<ChecklistWizard /> should render correctly 1`] = `
<div>
  <div
    className="checklist-builder-header"
  >
    <div
      className="role-panel-header"
    >
      <div
        className="PageHeader"
      >
        <div>
          <span
            className="title"
          >
            TRAVEL CHECKLIST BUILDER
          </span>
        </div>
        <div>
          <button
            className="action-btn btn-new-request"
            id="actionButton"
            onClick={[Function]}
            type="button"
          >
            Back
          </button>
        </div>
      </div>
    </div>
  </div>
  <div
    className="checklist-wizard-container"
  >
    <div
      className="checklist-wizard-builder checklist-wizard-col"
    >
      <p
        className="builder-header"
      >
        Setup the Checklist
      </p>
      <div
        className="select-countries-container"
      >
        <p>
          Select Nationality
        </p>
        <div
          className="select-input-delete-container"
        >
          <div
            className="select-input-options-container"
          >
            <div
              className="select-input-area"
            >
              <div
                className="select-placeholder"
              >
                Select a country
              </div>
              <button
                className="caret"
                onClick={[Function]}
                type="button"
              >
                <i
                  className="material-icons"
                >
                  expand_more
                </i>
              </button>
            </div>
          </div>
          <div
            className="delete-icon-container"
          />
        </div>
      </div>
      <div
        className="dest-container"
      >
        <p>
          Travelling To
        </p>
        <div
          className="dest-delete-containter"
        >
          <div
            className="dest-input-countries-container"
          >
            <div
              className="dest-input-container"
            >
              <div
                className="dest-input"
              >
                <div
                  className="select-placeholder"
                >
                  Select destinations
                </div>
              </div>
              <button
                className="caret"
                onClick={[Function]}
                type="button"
              >
                <i
                  className="material-icons"
                >
                  expand_more
                </i>
              </button>
            </div>
            <div />
          </div>
          <div
            className="remove-all-selected-container"
          />
        </div>
      </div>
      <p
        className="builder-header"
      >
        Checklist Item
      </p>
      <div
        key="1"
      >
        <div
          className="builder-checklist-item"
        >
          <div
            className="left-side-builder-checklist-item"
          >
            <div>
              <img
                alt="drag-indicator-icon"
                className="drag-indicator-icon"
                src="baseline-drag_indicator-24px.svg"
              />
            </div>
            <div
              className="order-number"
            >
              1
            </div>
          </div>
          <div>
            <div>
              <div>
                <p
                  className="builder-prompt-title"
                >
                  Prompt
                </p>
                <div
                  className="prompt-item"
                >
                  <input
                    className="prompt-input"
                    id="prompt-input"
                    onChange={[Function]}
                    placeholder="e.g. Do you have a valid visa?"
                    type="text"
                    value=""
                  />
                  <button
                    className="builder-delete-icon"
                    id="prompt-del-icon"
                    onClick={[Function]}
                    type="button"
                  >
                    <img
                      alt="delete-icon"
                      src="delete-icon.svg"
                    />
                  </button>
                </div>
              </div>
              <div
                className="item-type-container"
              >
                <p>
                  Item Type
                </p>
                <div
                  className="item-type-dropdown"
                >
                  <div
                    className="dropdown-container"
                  >
                    <div
                      className="selected-area undefined"
                    >
                      <p
                        className="selected-placeholder"
                      >
                        Select an item type
                      </p>
                      <img
                        alt="expand_more"
                        className="drop-icon"
                        src="baseline-expand_more-24px.svg"
                      />
                    </div>
                    <div
                      className="select-option-container item-type-options-container"
                    />
                  </div>
                </div>
              </div>
            </div>
          </div>
        </div>
      </div>
      <div
        className="new-checklist-container"
      >
        <div
          className="new-checklist-icon"
          onClick={[Function]}
          onKeyUp={[Function]}
          role="button"
          tabIndex={0}
        >
          +
        </div>
        <button
          className="wiz-btn"
          onClick={[Function]}
          type="button"
        >
          Add a Checklist Item
        </button>
        <button
          className="wiz-btn"
          onClick={[Function]}
          type="button"
        >
          Save As Draft
        </button>
      </div>
    </div>
    <div
      className="checklist-wizard-preview checklist-wizard-col"
    >
      <div
        className="preview-item-header"
      >
        <p
          className="preview-header"
        >
          Preview the Checklist
        </p>
        <p
          className="travellingto-preview"
        >
          Applicable to  travelling to 
          <span
            className="coutries-blue"
          >
            0 countries
          </span>
        </p>
      </div>
      <div
        className="preview-checklist-item"
        id={1}
        key="1"
      >
        <div
          className="preview-checklist-item"
        >
          <div
            className="single-preview-item"
          >
            <div
              className="preview-order"
            >
              1
            </div>
            <div>
              <p
                className="preview-prompt"
              />
            </div>
          </div>
        </div>
      </div>
    </div>
  </div>
</div>
`;
