// Jest Snapshot v1, https://goo.gl/fbAQLP

exports[`<SelectChoiceDropdown /> should render without crashing 1`] = `
<div
  className="selectChoice-dropdown closed"
>
  <div
    className="style-dropdown"
  >
    <input
      autoComplete="off"
      id="flight-input"
      onChange={[Function]}
      onClick={[Function]}
      type="text"
      value=""
    />
    <img
      alt="icn"
      onClick={[Function]}
      role="presentation"
      src="form_select_dropdown.svg"
    />
  </div>
  <div
    className="selectChoice-dropdown__dropdown closed"
  >
    <ul
      className="selectChoice-dropdown__dropdown__menu"
    >
      <div
        key="Departments"
      >
        <div>
          <li
            onClick={[Function]}
            role="presentation"
          >
            Departments
          </li>
          <img
            alt="icn"
            onClick={[Function]}
            role="presentation"
            src="form_select_dropdown.svg"
          />
        </div>
      </div>
    </ul>
  </div>
</div>
`;
