// Jest Snapshot v1, https://goo.gl/fbAQLP

exports[`Render Location DropDown component should match snapshot 1`] = `
<div>
  <div
    className="mdl-search locationbar__location"
  >
    <div
      className="locationbar__location-box"
    >
      <div
        className="location_circle"
      />
      <div
        className="location_circle_inner"
      />
    </div>
    <div
      className="locationbar__location-box"
      onClick={[Function]}
      role="presentation"
    >
      <div
        className="location_line"
      />
      <div
        className="dropDown"
      >
        <input
          className="dropBtn"
          disabled={true}
          id="search"
          placeholder="All Locations"
          type="text"
        />
        <img
          alt="icn"
          className="locationbar__location-icon"
          src="form_select_dropdown.svg"
        />
        <ul
          className="dropDown-content"
          style={
            Object {
              "display": null,
            }
          }
        >
          <li
            className="content dropDown-hover"
            key="Togo"
            onClick={[Function]}
            role="presentation"
          >
            Togo
          </li>
        </ul>
      </div>
    </div>
  </div>
</div>
`;
