// Jest Snapshot v1, https://goo.gl/fbAQLP

exports[`TravelChecklist Component should render the component 1`] = `
<div>
  <div
    className="travelCheck-list"
  >
    <div
      className="travelCheck-list--card"
    >
      <div
        className="travelCheck-list--card__head"
      >
        <div
          className="details"
        >
          <p>
            Your Travel checklist
          </p>
          Hi John, kindly fill in your details to complete your travel checklist
        </div>
        <div
          className="circular-calculator"
        >
          <svg
            height={50}
            viewBox="0 0 50 50"
            width={50}
          >
            <circle
              className="circle-background"
              cx={25}
              cy={25}
              r={22.5}
              strokeWidth="5px"
            />
            <circle
              className="circle-progress"
              cx={25}
              cy={25}
              r={22.5}
              stroke="#3359DB"
              strokeWidth="5px"
              style={
                Object {
                  "strokeDasharray": 141.3716694115407,
                  "strokeDashoffset": 28.27433388230814,
                }
              }
              transform="rotate(-90 25 25)"
            />
            <text
              className="circle-text"
              dy=".3em"
              textAnchor="middle"
              x="50%"
              y="50%"
            >
              80%
            </text>
          </svg>
        </div>
      </div>
      <div
        className="travelCheck-list--card__body"
      >
        <undefined />
      </div>
    </div>
  </div>
  <div
    className="checklist-submit-area submit-area"
  >
    <button
      className="bg-btn bg-btn--active"
      disabled={true}
      id="back-submit"
      onClick={[Function]}
      type="button"
    >
      Back
    </button>
    <button
      className="bg-btn bg-btn--active"
      disabled={true}
      id="back-submit"
      onClick={[Function]}
      type="button"
    >
      Next
    </button>
  </div>
</div>
`;
