// Jest Snapshot v1, https://goo.gl/fbAQLP

exports[`<PassportForm/> renders correctly 1`] = `
<div>
  <form
    className="travel-document-form"
    key=".0"
    onSubmit={[Function]}
  >
    <div
      className="travel-document-select-file"
    >
      <p
        className="attach-document-text"
      >
        Attach the image or PDF of your  document
      </p>
      <div
        className="document-input__input-container"
      >
        <label
          className="document-input__input-container__prompts"
          htmlFor="select-file"
        >
          <div
            className="document-input__input-container__prompts__img"
          >
            <img
              alt="Document Upload"
              src="document-upload-blue.svg"
            />
          </div>
          <div
            className="document-input__input-container__prompts__text"
          >
            <p>
              Choose from computer
            </p>
            <p
              className="maximum-file-size"
            >
              Maximum file size - 10MB
            </p>
          </div>
          <input
            accept="image/jpg, image/png, application/pdf"
            id="select-file"
            onChange={[Function]}
            type="file"
          />
        </label>
      </div>
    </div>
    <div>
      <fieldset>
        <div
          className="input-group resposive_passport"
        >
          <div
            className="form-input fluid "
          >
            <label
              htmlFor="name"
            >
              Name as Seen On Passport
              <span
                style={
                  Object {
                    "color": "red",
                  }
                }
              >
                 * 
              </span>
            </label>
            <input
              autoComplete="off"
              className=" fluid"
              label="Name as Seen On Passport"
              name="name"
              onBlur={[Function]}
              onChange={[Function]}
              type="text"
              value=""
            />
            <span
              className="error"
            />
          </div>
          <div
            className="form-input  "
          >
            <label
              htmlFor="passportNumber"
            >
              Passport Number
              <span
                style={
                  Object {
                    "color": "red",
                  }
                }
              >
                 * 
              </span>
            </label>
            <input
              autoComplete="off"
              className=" "
              label="Passport Number"
              name="passportNumber"
              onBlur={[Function]}
              onChange={[Function]}
              type="text"
              value=""
            />
            <span
              className="error"
            />
          </div>
          <div
            className="form-input  "
          >
            <label
              htmlFor="nationality"
            >
              Nationality
              <span
                style={
                  Object {
                    "color": "red",
                  }
                }
              >
                 * 
              </span>
            </label>
            <div
              style={
                Object {
                  "position": "relative",
                }
              }
            >
              <div
                className="value"
                style={
                  Object {
                    "width": "",
                  }
                }
              >
                <input
                  autoComplete="off"
                  choices={
                    Array [
                      "Aruban",
                      "Afghan",
                      "Angolan",
                      "Anguillian",
                      "Ålandish",
                      "Albanian",
                      "Andorran",
                      "Emirati",
                      "Argentine",
                      "Armenian",
                      "American Samoan",
                      "Antarctican",
                      "French",
                      "Antiguan, Barbudan",
                      "Australian",
                      "Austrian",
                      "Azerbaijani",
                      "Burundian",
                      "Belgian",
                      "Beninese",
                      "Burkinabe",
                      "Bangladeshi",
                      "Bulgarian",
                      "Bahraini",
                      "Bahamian",
                      "Bosnian, Herzegovinian",
                      "Saint Barthélemy Islander",
                      "Saint Helenian",
                      "Belarusian",
                      "Belizean",
                      "Bermudian",
                      "Bolivian",
                      "Dutch",
                      "Brazilian",
                      "Barbadian",
                      "Bruneian",
                      "Bhutanese",
                      "",
                      "Motswana",
                      "Central African",
                      "Canadian",
                      "Cocos Islander",
                      "Swiss",
                      "Chilean",
                      "Chinese",
                      "Ivorian",
                      "Cameroonian",
                      "Congolese",
                      "Cook Islander",
                      "Colombian",
                      "Comoran",
                      "Cape Verdian",
                      "Costa Rican",
                      "Cuban",
                      "Christmas Islander",
                      "Caymanian",
                      "Cypriot",
                      "Czech",
                      "German",
                      "Djibouti",
                      "Dominican",
                      "Danish",
                      "Algerian",
                      "Ecuadorean",
                      "Egyptian",
                      "Eritrean",
                      "Sahrawi",
                      "Spanish",
                      "Estonian",
                      "Ethiopian",
                      "Finnish",
                      "Fijian",
                      "Falkland Islander",
                      "Faroese",
                      "Micronesian",
                      "Gabonese",
                      "British",
                      "Georgian",
                      "Channel Islander",
                      "Ghanaian",
                      "Gibraltar",
                      "Guinean",
                      "Guadeloupian",
                      "Gambian",
                      "Guinea-Bissauan",
                      "Equatorial Guinean",
                      "Greek",
                      "Grenadian",
                      "Greenlandic",
                      "Guatemalan",
                      "Guianan",
                      "Guamanian",
                      "Guyanese",
                      "Hong Konger",
                      "Heard and McDonald Islander",
                      "Honduran",
                      "Croatian",
                      "Haitian",
                      "Hungarian",
                      "Indonesian",
                      "Manx",
                      "Indian",
                      "Irish",
                      "Iranian",
                      "Iraqi",
                      "Icelander",
                      "Israeli",
                      "Italian",
                      "Jamaican",
                      "Jordanian",
                      "Japanese",
                      "Kazakhstani",
                      "Kenyan",
                      "Kirghiz",
                      "Cambodian",
                      "I-Kiribati",
                      "Kittitian or Nevisian",
                      "South Korean",
                      "Kosovar",
                      "Kuwaiti",
                      "Laotian",
                      "Lebanese",
                      "Liberian",
                      "Libyan",
                      "Saint Lucian",
                      "Liechtensteiner",
                      "Sri Lankan",
                      "Mosotho",
                      "Lithuanian",
                      "Luxembourger",
                      "Latvian",
                      "Macanese",
                      "Saint Martin Islander",
                      "Moroccan",
                      "Monegasque",
                      "Moldovan",
                      "Malagasy",
                      "Maldivan",
                      "Mexican",
                      "Marshallese",
                      "Macedonian",
                      "Malian",
                      "Maltese",
                      "Bamar",
                      "Montenegrin",
                      "Mongolian",
                      "American",
                      "Mozambican",
                      "Mauritanian",
                      "Montserratian",
                      "Mauritian",
                      "Malawian",
                      "Malaysian",
                      "Mahoran",
                      "Namibian",
                      "New Caledonian",
                      "Nigerien",
                      "Norfolk Islander",
                      "Nigerian",
                      "Nicaraguan",
                      "Niuean",
                      "Norwegian",
                      "Nepalese",
                      "Nauruan",
                      "New Zealander",
                      "Omani",
                      "Pakistani",
                      "Panamanian",
                      "Pitcairn Islander",
                      "Peruvian",
                      "Filipino",
                      "Palauan",
                      "Papua New Guinean",
                      "Polish",
                      "Puerto Rican",
                      "North Korean",
                      "Portuguese",
                      "Paraguayan",
                      "Palestinian",
                      "French Polynesian",
                      "Qatari",
                      "Romanian",
                      "Russian",
                      "Rwandan",
                      "Saudi Arabian",
                      "Sudanese",
                      "Senegalese",
                      "Singaporean",
                      "South Georgian South Sandwich Islander",
                      "Solomon Islander",
                      "Sierra Leonean",
                      "Salvadoran",
                      "Sammarinese",
                      "Somali",
                      "Serbian",
                      "South Sudanese",
                      "Sao Tomean",
                      "Surinamer",
                      "Slovak",
                      "Slovene",
                      "Swedish",
                      "Swazi",
                      "St. Maartener",
                      "Seychellois",
                      "Syrian",
                      "Turks and Caicos Islander",
                      "Chadian",
                      "Togolese",
                      "Thai",
                      "Tadzhik",
                      "Tokelauan",
                      "Turkmen",
                      "East Timorese",
                      "Tongan",
                      "Trinidadian",
                      "Tunisian",
                      "Turkish",
                      "Tuvaluan",
                      "Taiwanese",
                      "Tanzanian",
                      "Ugandan",
                      "Ukrainian",
                      "Uruguayan",
                      "Uzbekistani",
                      "Vatican",
                      "Saint Vincentian",
                      "Venezuelan",
                      "Virgin Islander",
                      "Vietnamese",
                      "Ni-Vanuatu",
                      "Wallis and Futuna Islander",
                      "Samoan",
                      "Yemeni",
                      "South African",
                      "Zambian",
                      "Zimbabwean",
                    ]
                  }
                  className="occupationInput"
                  label="Nationality"
                  name="role"
                  onChange={[Function]}
                  size=""
                  type="text"
                  value=""
                />
              </div>
            </div>
            <span
              className="error"
            />
          </div>
          <div
            className="form-input  "
          >
            <label
              htmlFor="dateOfBirth"
            >
              Date of Birth (MM/DD/YYYY)
              <span
                style={
                  Object {
                    "color": "red",
                  }
                }
              >
                 * 
              </span>
            </label>
            <div
              className="date-wrapper    "
              id="dateOfBirth_date"
            >
              <div>
                <div
                  className="react-datepicker-wrapper"
                >
                  <div
                    className="react-datepicker__input-container"
                  >
                    <input
                      autoComplete="off"
                      className=""
                      disabled={false}
                      name="dateOfBirth"
                      onBlur={[Function]}
                      onChange={[Function]}
                      onClick={[Function]}
                      onFocus={[Function]}
                      onKeyDown={[Function]}
                      placeholder="MM/DD/YYYY"
                      readOnly={false}
                      type="text"
                      value=""
                    />
                  </div>
                </div>
              </div>
              <img
                alt="cal"
                className="calendar-icon"
                src="calendar_icon.svg"
              />
            </div>
            <span
              className="error"
            />
          </div>
          <div
            className="form-input  "
          >
            <label
              htmlFor="dateOfIssue"
            >
              Date of Issue (MM/DD/YYYY)
              <span
                style={
                  Object {
                    "color": "red",
                  }
                }
              >
                 * 
              </span>
            </label>
            <div
              className="date-wrapper    "
              id="dateOfIssue_date"
            >
              <div>
                <div
                  className="react-datepicker-wrapper"
                >
                  <div
                    className="react-datepicker__input-container"
                  >
                    <input
                      autoComplete="off"
                      className=""
                      disabled={false}
                      name="dateOfIssue"
                      onBlur={[Function]}
                      onChange={[Function]}
                      onClick={[Function]}
                      onFocus={[Function]}
                      onKeyDown={[Function]}
                      placeholder="MM/DD/YYYY"
                      readOnly={false}
                      type="text"
                      value=""
                    />
                  </div>
                </div>
              </div>
              <img
                alt="cal"
                className="calendar-icon"
                src="calendar_icon.svg"
              />
            </div>
            <span
              className="error"
            />
          </div>
          <div
            className="form-input  "
          >
            <label
              htmlFor="placeOfIssue"
            >
              Place of Issue
              <span
                style={
                  Object {
                    "color": "red",
                  }
                }
              >
                 * 
              </span>
            </label>
            <input
              autoComplete="off"
              className=" "
              label="Place of Issue"
              name="placeOfIssue"
              onBlur={[Function]}
              onChange={[Function]}
              type="text"
              value=""
            />
            <span
              className="error"
            />
          </div>
          <div
            className="form-input  "
          >
            <label
              htmlFor="expiryDate"
            >
              Expiry Date (MM/DD/YYYY)
              <span
                style={
                  Object {
                    "color": "red",
                  }
                }
              >
                 * 
              </span>
            </label>
            <div
              className="date-wrapper    "
              id="expiryDate_date"
            >
              <div>
                <div
                  className="react-datepicker-wrapper"
                >
                  <div
                    className="react-datepicker__input-container"
                  >
                    <input
                      autoComplete="off"
                      className=""
                      disabled={false}
                      name="expiryDate"
                      onBlur={[Function]}
                      onChange={[Function]}
                      onClick={[Function]}
                      onFocus={[Function]}
                      onKeyDown={[Function]}
                      placeholder="MM/DD/YYYY"
                      readOnly={false}
                      type="text"
                      value=""
                    />
                  </div>
                </div>
              </div>
              <img
                alt="cal"
                className="calendar-icon"
                src="calendar_icon.svg"
              />
            </div>
            <span
              className="error"
            />
          </div>
        </div>
      </fieldset>
    </div>
    <hr />
    <div
      className="travel-document-submit-area"
    >
      <fieldset>
        <div
          className="submit-area"
        >
          <button
            className="bg-btn bg-btn--inactive"
            disabled={false}
            id="cancel"
            onClick={[Function]}
            type="button"
          >
            Cancel
          </button>
          <button
            className="bg-btn bg-btn--active"
            disabled={true}
            id="submit"
            type="submit"
          >
            <undefined />
          </button>
        </div>
      </fieldset>
    </div>
  </form>
</div>
`;
