// Jest Snapshot v1, https://goo.gl/fbAQLP

exports[`ChecklistTabs Test Suite should render correctly 1`] = `
<button
  className="tab-header "
  onClick={[Function]}
  type="button"
>
  <div
    className="tab-header-text-wrapper"
  >
    <span
      className="tab-header-text"
    >
      TRIP 1
    </span>
  </div>
  <p
    className="tab-header-name"
  />
</button>
`;
