// Jest Snapshot v1, https://goo.gl/fbAQLP

exports[`ChecklistDetails Test Suite should render correctly 1`] = `
<div
  className="checklist-details"
>
  <div
    className="tab-body"
  >
    <div
      className="prompt-wrapper"
    >
      <div
        className="prompt-number"
      >
        <div
          className="checklist-number"
        >
          1
        </div>
        <div
          className="checklist-prompt"
        >
          Do you have a valid visa?
        </div>
      </div>
      <div
        className="checklist-single-item"
      >
        <ChecklistItems
          config={
            Object {
              "configuration": Object {
                "options": Array [
                  Object {
                    "behaviour": Object {
                      "name": "upload a document",
                      "payload": "UPLOAD_DOCUMENT",
                    },
                    "id": 1,
                    "name": "Yes",
                  },
                ],
              },
              "order": 1,
              "prompt": "Do you have a valid visa?",
              "type": "radio",
            }
          }
          handleSkipToQuestion={[Function]}
        />
      </div>
    </div>
  </div>
</div>
`;
