// Jest Snapshot v1, https://goo.gl/fbAQLP

exports[`<TravelStipendFieldset /> should match snapshot 1`] = `
<fieldset
  className="personal-details"
>
  <div>
    <div>
      <div
        className="input-group"
      >
        <div
          className="spaces"
        >
          <Input
            autoComplete="off"
            choices={Array []}
            className="request{ uniq }dropdown stipend-location"
            id="user-location"
            label="Select Location"
            labelNote=""
            name="center"
            onChange={null}
            size=""
            type="dropdown-select"
          />
        </div>
        <div
          className="spaces"
        >
          <Input
            autoComplete="off"
            className="request{ uniq }dropdown stipend-amount "
            id="your-manager"
            label="Enter Amount in Dollars ($)"
            labelNote=""
            max="1000"
            min="1"
            name="stipend"
            onChange={[Function]}
            onInvalid={[Function]}
            placeholder="1000"
            size=""
            type="number"
          />
          <span
            className="hide-error"
          >
            Amount should be a positive integer and not more than 1000
          </span>
        </div>
      </div>
    </div>
  </div>
</fieldset>
`;
