// Jest Snapshot v1, https://goo.gl/fbAQLP

exports[`<Tab /> should render <Tab /> 1`] = `
<div
  className="trip-tab trip-header-box-selected
        active
      "
  onClick={[Function]}
  onKeyDown={[Function]}
  role="presentation"
>
  <p
    className="trip-header-text-title-selected"
  >
    title
  </p>
  <p
    className="overflow trip-header-text-content-selected"
  >
    subtitle
  </p>
</div>
`;
