// Jest Snapshot v1, https://goo.gl/fbAQLP

exports[`<Tab /> should render <Tab /> 1`] = `
<div
  className="trip-header-box-selected"
  onClick={[Function]}
  onKeyDown={[Function]}
  role="presentation"
>
  <p
    className="trip-header-text-title-selected"
  >
    title
    <img
      alt="Hotel"
      className="active-icon"
      src="icon.svg"
    />
  </p>
  <p
    className="overflow trip-header-text-content-selected"
  >
    subtitle
  </p>
</div>
`;
